2026-09-13 17:11:04 | INFO     | agriketha.backend:setup_logging:65 - Logging initialized successfully. Level: INFO
2026-09-13 17:11:04 | INFO     | agriketha.backend:lifespan:19 - Initializing AgriKetha-AI Backend in development mode...
2026-09-13 17:11:04 | INFO     | agriketha.backend:connect_to_mongo:26 - Connecting to MongoDB Atlas at: cluster0.dqyxqug.mongodb.net/?appName=Cluster0
2026-09-13 17:11:08 | INFO     | agriketha.backend:connect_to_mongo:39 - Successfully connected to MongoDB Database: 'agriketha_ai_db'
2026-09-13 17:11:10 | INFO     | agriketha.backend:init_db_indexes:81 - MongoDB indexes verified & created successfully.
2026-09-13 17:11:17 | INFO     | agriketha.backend:dispatch:34 - 127.0.0.1 | GET / | Status: 200 | 14.15ms
2026-09-13 17:11:19 | INFO     | agriketha.backend:dispatch:34 - 127.0.0.1 | GET /health | Status: 200 | 0.93ms
2026-09-13 17:12:55 | INFO     | agriketha.backend:setup_logging:65 - Logging initialized successfully. Level: INFO
2026-09-13 17:12:55 | INFO     | agriketha.backend:lifespan:19 - Initializing AgriKetha-AI Backend in development mode...
2026-09-13 17:12:55 | INFO     | agriketha.backend:connect_to_mongo:26 - Connecting to MongoDB Atlas at: cluster0.dqyxqug.mongodb.net/?appName=Cluster0
2026-09-13 17:13:05 | INFO     | agriketha.backend:connect_to_mongo:39 - Successfully connected to MongoDB Database: 'agriketha_ai_db'
2026-09-13 17:13:06 | INFO     | agriketha.backend:init_db_indexes:81 - MongoDB indexes verified & created successfully.
2026-09-13 17:13:23 | INFO     | agriketha.backend:dispatch:34 - 127.0.0.1 | GET /docs | Status: 200 | 1.06ms
2026-09-13 17:13:24 | INFO     | agriketha.backend:dispatch:34 - 127.0.0.1 | GET /api/v1/openapi.json | Status: 200 | 69.15ms
2026-09-13 17:13:49 | INFO     | agriketha.backend:dispatch:34 - 127.0.0.1 | GET /redoc | Status: 200 | 0.40ms
2026-09-13 17:13:49 | ERROR    | pymongo.client:_log_client_error:108 - MongoClient background task encountered an error:
Traceback (most recent call last):
  File "D:\AgriKetha-AI\.venv\Lib\site-packages\pymongo\synchronous\pool.py", line 446, in receive_message
    return receive_message(self, request_id, self.max_message_size)
  File "D:\AgriKetha-AI\.venv\Lib\site-packages\pymongo\network_layer.py", line 777, in receive_message
    length, _, response_to, op_code = _UNPACK_HEADER(receive_data(conn, 16, deadline))
                                                     ~~~~~~~~~~~~^^^^^^^^^^^^^^^^^^^^
  File "D:\AgriKetha-AI\.venv\Lib\site-packages\pymongo\network_layer.py", line 382, in receive_data
    raise OSError("connection closed")
OSError: connection closed

The above exception was the direct cause of the following exception:

Traceback (most recent call last):
  File "D:\AgriKetha-AI\.venv\Lib\site-packages\pymongo\synchronous\mongo_client.py", line 2262, in _process_periodic_tasks
    self._topology.update_pool()
    ~~~~~~~~~~~~~~~~~~~~~~~~~~^^
  File "D:\AgriKetha-AI\.venv\Lib\site-packages\pymongo\synchronous\topology.py", line 600, in update_pool
    server.pool.remove_stale_sockets(generation)
    ~~~~~~~~~~~~~~~~~~~~~~~~~~~~~~~~^^^^^^^^^^^^
  File "D:\AgriKetha-AI\.venv\Lib\site-packages\pymongo\synchronous\pool.py", line 812, in remove_stale_sockets
    conn = self.connect()
  File "D:\AgriKetha-AI\.venv\Lib\site-packages\pymongo\synchronous\pool.py", line 898, in connect
    conn.hello()
    ~~~~~~~~~~^^
  File "D:\AgriKetha-AI\.venv\Lib\site-packages\pymongo\synchronous\pool.py", line 237, in hello
    return self._hello(None, None)
           ~~~~~~~~~~~^^^^^^^^^^^^
  File "D:\AgriKetha-AI\.venv\Lib\site-packages\pymongo\synchronous\pool.py", line 280, in _hello
    doc = self.command("admin", cmd, publish_events=False, exhaust_allowed=awaitable)
  File "D:\AgriKetha-AI\.venv\Lib\site-packages\pymongo\synchronous\helpers.py", line 51, in inner
    return func(*args, **kwargs)
  File "D:\AgriKetha-AI\.venv\Lib\site-packages\pymongo\synchronous\pool.py", line 421, in command
    self._raise_connection_failure(error)
    ~~~~~~~~~~~~~~~~~~~~~~~~~~~~~~^^^^^^^
  File "D:\AgriKetha-AI\.venv\Lib\site-packages\pymongo\synchronous\pool.py", line 567, in _raise_connection_failure
    raise error
  File "D:\AgriKetha-AI\.venv\Lib\site-packages\pymongo\synchronous\pool.py", line 396, in command
    return run_command(
        self,
    ...<17 lines>...
        write_concern=write_concern,
    )
  File "D:\AgriKetha-AI\.venv\Lib\site-packages\pymongo\synchronous\command_runner.py", line 440, in run_command
    docs, _, _ = _run_command(
                 ~~~~~~~~~~~~^
        conn,
        ^^^^^
    ...<16 lines>...
        set_conn_more_to_come=True,
        ^^^^^^^^^^^^^^^^^^^^^^^^^^^
    )
    ^
  File "D:\AgriKetha-AI\.venv\Lib\site-packages\pymongo\synchronous\command_runner.py", line 192, in _run_command
    reply = conn.receive_message(request_id)
  File "D:\AgriKetha-AI\.venv\Lib\site-packages\pymongo\synchronous\pool.py", line 449, in receive_message
    self._raise_connection_failure(error)
    ~~~~~~~~~~~~~~~~~~~~~~~~~~~~~~^^^^^^^
  File "D:\AgriKetha-AI\.venv\Lib\site-packages\pymongo\synchronous\pool.py", line 565, in _raise_connection_failure
    _raise_connection_failure(self.address, error, timeout_details=details)
    ~~~~~~~~~~~~~~~~~~~~~~~~~^^^^^^^^^^^^^^^^^^^^^^^^^^^^^^^^^^^^^^^^^^^^^^
  File "D:\AgriKetha-AI\.venv\Lib\site-packages\pymongo\pool_shared.py", line 168, in _raise_connection_failure
    raise AutoReconnect(msg) from error
pymongo.errors.AutoReconnect: ac-jucsbd3-shard-00-02.dqyxqug.mongodb.net:27017: connection closed (configured timeouts: connectTimeoutMS: 20000.0ms)
2026-09-13 17:13:49 | INFO     | agriketha.backend:dispatch:34 - 127.0.0.1 | GET /api/v1/openapi.json | Status: 200 | 0.63ms
2026-09-13 17:14:55 | INFO     | agriketha.backend:lifespan:23 - Shutting down AgriKetha-AI Backend...
2026-09-13 17:14:55 | INFO     | agriketha.backend:close_mongo_connection:51 - Closing MongoDB connection pool...
2026-09-13 17:14:55 | INFO     | agriketha.backend:close_mongo_connection:53 - MongoDB connection pool closed.
2026-09-13 17:14:56 | INFO     | agriketha.backend:setup_logging:65 - Logging initialized successfully. Level: INFO
2026-09-13 17:14:56 | INFO     | agriketha.backend:lifespan:19 - Initializing AgriKetha-AI Backend in development mode...
2026-09-13 17:14:56 | INFO     | agriketha.backend:connect_to_mongo:26 - Connecting to MongoDB Atlas at: cluster0.dqyxqug.mongodb.net/?appName=Cluster0
2026-09-13 17:15:03 | INFO     | agriketha.backend:connect_to_mongo:44 - Successfully connected to MongoDB Database: 'agriketha_ai_db'
2026-09-13 17:15:04 | INFO     | agriketha.backend:init_db_indexes:86 - MongoDB indexes verified & created successfully.
2026-09-13 17:15:11 | INFO     | agriketha.backend:lifespan:23 - Shutting down AgriKetha-AI Backend...
2026-09-13 17:15:11 | INFO     | agriketha.backend:close_mongo_connection:56 - Closing MongoDB connection pool...
2026-09-13 17:15:11 | INFO     | agriketha.backend:close_mongo_connection:58 - MongoDB connection pool closed.
2026-09-13 17:15:46 | INFO     | agriketha.backend:setup_logging:65 - Logging initialized successfully. Level: INFO
2026-09-13 17:15:46 | INFO     | agriketha.backend:lifespan:19 - Initializing AgriKetha-AI Backend in development mode...
2026-09-13 17:15:46 | INFO     | agriketha.backend:connect_to_mongo:26 - Connecting to MongoDB Atlas at: cluster0.dqyxqug.mongodb.net/?appName=Cluster0
2026-09-13 17:15:50 | INFO     | agriketha.backend:connect_to_mongo:44 - Successfully connected to MongoDB Database: 'agriketha_ai_db'
2026-09-13 17:15:52 | INFO     | agriketha.backend:init_db_indexes:86 - MongoDB indexes verified & created successfully.
2026-09-13 17:28:44 | ERROR    | pymongo.client:_log_client_error:108 - MongoClient background task encountered an error:
Traceback (most recent call last):
  File "D:\AgriKetha-AI\.venv\Lib\site-packages\pymongo\pool_shared.py", line 586, in _configured_socket_interface
    ssl_sock = ssl_context.wrap_socket(sock, server_hostname=host, session=session)
  File "C:\Users\ASUS\AppData\Local\Programs\Python\Python314\Lib\ssl.py", line 455, in wrap_socket
    return self.sslsocket_class._create(
           ~~~~~~~~~~~~~~~~~~~~~~~~~~~~^
        sock=sock,
        ^^^^^^^^^^
    ...<5 lines>...
        session=session
        ^^^^^^^^^^^^^^^
    )
    ^
  File "C:\Users\ASUS\AppData\Local\Programs\Python\Python314\Lib\ssl.py", line 1076, in _create
    self.do_handshake()
    ~~~~~~~~~~~~~~~~~^^
  File "C:\Users\ASUS\AppData\Local\Programs\Python\Python314\Lib\ssl.py", line 1372, in do_handshake
    self._sslobj.do_handshake()
    ~~~~~~~~~~~~~~~~~~~~~~~~~^^
TimeoutError: _ssl.c:1059: The handshake operation timed out

The above exception was the direct cause of the following exception:

Traceback (most recent call last):
  File "D:\AgriKetha-AI\.venv\Lib\site-packages\pymongo\synchronous\mongo_client.py", line 2262, in _process_periodic_tasks
    self._topology.update_pool()
    ~~~~~~~~~~~~~~~~~~~~~~~~~~^^
  File "D:\AgriKetha-AI\.venv\Lib\site-packages\pymongo\synchronous\topology.py", line 600, in update_pool
    server.pool.remove_stale_sockets(generation)
    ~~~~~~~~~~~~~~~~~~~~~~~~~~~~~~~~^^^^^^^^^^^^
  File "D:\AgriKetha-AI\.venv\Lib\site-packages\pymongo\synchronous\pool.py", line 812, in remove_stale_sockets
    conn = self.connect()
  File "D:\AgriKetha-AI\.venv\Lib\site-packages\pymongo\synchronous\pool.py", line 869, in connect
    networking_interface = _configured_socket_interface(
        self.address, self.opts, self._ssl_session_cache
    )
  File "D:\AgriKetha-AI\.venv\Lib\site-packages\pymongo\pool_shared.py", line 600, in _configured_socket_interface
    _raise_connection_failure(address, exc, "SSL handshake failed: ", timeout_details=details)
    ~~~~~~~~~~~~~~~~~~~~~~~~~^^^^^^^^^^^^^^^^^^^^^^^^^^^^^^^^^^^^^^^^^^^^^^^^^^^^^^^^^^^^^^^^^
  File "D:\AgriKetha-AI\.venv\Lib\site-packages\pymongo\pool_shared.py", line 166, in _raise_connection_failure
    raise NetworkTimeout(msg) from error
pymongo.errors.NetworkTimeout: SSL handshake failed: ac-jucsbd3-shard-00-02.dqyxqug.mongodb.net:27017: _ssl.c:1059: The handshake operation timed out (configured timeouts: socketTimeoutMS: 20000.0ms, connectTimeoutMS: 10000.0ms)
2026-09-13 17:32:51 | ERROR    | pymongo.client:_log_client_error:108 - MongoClient background task encountered an error:
Traceback (most recent call last):
  File "D:\AgriKetha-AI\.venv\Lib\site-packages\pymongo\pool_shared.py", line 586, in _configured_socket_interface
    ssl_sock = ssl_context.wrap_socket(sock, server_hostname=host, session=session)
  File "C:\Users\ASUS\AppData\Local\Programs\Python\Python314\Lib\ssl.py", line 455, in wrap_socket
    return self.sslsocket_class._create(
           ~~~~~~~~~~~~~~~~~~~~~~~~~~~~^
        sock=sock,
        ^^^^^^^^^^
    ...<5 lines>...
        session=session
        ^^^^^^^^^^^^^^^
    )
    ^
  File "C:\Users\ASUS\AppData\Local\Programs\Python\Python314\Lib\ssl.py", line 1076, in _create
    self.do_handshake()
    ~~~~~~~~~~~~~~~~~^^
  File "C:\Users\ASUS\AppData\Local\Programs\Python\Python314\Lib\ssl.py", line 1372, in do_handshake
    self._sslobj.do_handshake()
    ~~~~~~~~~~~~~~~~~~~~~~~~~^^
TimeoutError: _ssl.c:1059: The handshake operation timed out

The above exception was the direct cause of the following exception:

Traceback (most recent call last):
  File "D:\AgriKetha-AI\.venv\Lib\site-packages\pymongo\synchronous\mongo_client.py", line 2262, in _process_periodic_tasks
    self._topology.update_pool()
    ~~~~~~~~~~~~~~~~~~~~~~~~~~^^
  File "D:\AgriKetha-AI\.venv\Lib\site-packages\pymongo\synchronous\topology.py", line 600, in update_pool
    server.pool.remove_stale_sockets(generation)
    ~~~~~~~~~~~~~~~~~~~~~~~~~~~~~~~~^^^^^^^^^^^^
  File "D:\AgriKetha-AI\.venv\Lib\site-packages\pymongo\synchronous\pool.py", line 812, in remove_stale_sockets
    conn = self.connect()
  File "D:\AgriKetha-AI\.venv\Lib\site-packages\pymongo\synchronous\pool.py", line 869, in connect
    networking_interface = _configured_socket_interface(
        self.address, self.opts, self._ssl_session_cache
    )
  File "D:\AgriKetha-AI\.venv\Lib\site-packages\pymongo\pool_shared.py", line 600, in _configured_socket_interface
    _raise_connection_failure(address, exc, "SSL handshake failed: ", timeout_details=details)
    ~~~~~~~~~~~~~~~~~~~~~~~~~^^^^^^^^^^^^^^^^^^^^^^^^^^^^^^^^^^^^^^^^^^^^^^^^^^^^^^^^^^^^^^^^^
  File "D:\AgriKetha-AI\.venv\Lib\site-packages\pymongo\pool_shared.py", line 166, in _raise_connection_failure
    raise NetworkTimeout(msg) from error
pymongo.errors.NetworkTimeout: SSL handshake failed: ac-jucsbd3-shard-00-02.dqyxqug.mongodb.net:27017: _ssl.c:1059: The handshake operation timed out (configured timeouts: socketTimeoutMS: 20000.0ms, connectTimeoutMS: 10000.0ms)
2026-09-13 17:33:04 | ERROR    | pymongo.client:_log_client_error:108 - MongoClient background task encountered an error:
Traceback (most recent call last):
  File "D:\AgriKetha-AI\.venv\Lib\site-packages\pymongo\pool_shared.py", line 586, in _configured_socket_interface
    ssl_sock = ssl_context.wrap_socket(sock, server_hostname=host, session=session)
  File "C:\Users\ASUS\AppData\Local\Programs\Python\Python314\Lib\ssl.py", line 455, in wrap_socket
    return self.sslsocket_class._create(
           ~~~~~~~~~~~~~~~~~~~~~~~~~~~~^
        sock=sock,
        ^^^^^^^^^^
    ...<5 lines>...
        session=session
        ^^^^^^^^^^^^^^^
    )
    ^
  File "C:\Users\ASUS\AppData\Local\Programs\Python\Python314\Lib\ssl.py", line 1076, in _create
    self.do_handshake()
    ~~~~~~~~~~~~~~~~~^^
  File "C:\Users\ASUS\AppData\Local\Programs\Python\Python314\Lib\ssl.py", line 1372, in do_handshake
    self._sslobj.do_handshake()
    ~~~~~~~~~~~~~~~~~~~~~~~~~^^
TimeoutError: _ssl.c:1059: The handshake operation timed out

The above exception was the direct cause of the following exception:

Traceback (most recent call last):
  File "D:\AgriKetha-AI\.venv\Lib\site-packages\pymongo\synchronous\mongo_client.py", line 2262, in _process_periodic_tasks
    self._topology.update_pool()
    ~~~~~~~~~~~~~~~~~~~~~~~~~~^^
  File "D:\AgriKetha-AI\.venv\Lib\site-packages\pymongo\synchronous\topology.py", line 600, in update_pool
    server.pool.remove_stale_sockets(generation)
    ~~~~~~~~~~~~~~~~~~~~~~~~~~~~~~~~^^^^^^^^^^^^
  File "D:\AgriKetha-AI\.venv\Lib\site-packages\pymongo\synchronous\pool.py", line 812, in remove_stale_sockets
    conn = self.connect()
  File "D:\AgriKetha-AI\.venv\Lib\site-packages\pymongo\synchronous\pool.py", line 869, in connect
    networking_interface = _configured_socket_interface(
        self.address, self.opts, self._ssl_session_cache
    )
  File "D:\AgriKetha-AI\.venv\Lib\site-packages\pymongo\pool_shared.py", line 600, in _configured_socket_interface
    _raise_connection_failure(address, exc, "SSL handshake failed: ", timeout_details=details)
    ~~~~~~~~~~~~~~~~~~~~~~~~~^^^^^^^^^^^^^^^^^^^^^^^^^^^^^^^^^^^^^^^^^^^^^^^^^^^^^^^^^^^^^^^^^
  File "D:\AgriKetha-AI\.venv\Lib\site-packages\pymongo\pool_shared.py", line 166, in _raise_connection_failure
    raise NetworkTimeout(msg) from error
pymongo.errors.NetworkTimeout: SSL handshake failed: ac-jucsbd3-shard-00-02.dqyxqug.mongodb.net:27017: _ssl.c:1059: The handshake operation timed out (configured timeouts: socketTimeoutMS: 20000.0ms, connectTimeoutMS: 10000.0ms)
2026-09-13 18:15:26 | ERROR    | pymongo.client:_log_client_error:108 - MongoClient background task encountered an error:
Traceback (most recent call last):
  File "D:\AgriKetha-AI\.venv\Lib\site-packages\pymongo\pool_shared.py", line 586, in _configured_socket_interface
    ssl_sock = ssl_context.wrap_socket(sock, server_hostname=host, session=session)
  File "C:\Users\ASUS\AppData\Local\Programs\Python\Python314\Lib\ssl.py", line 455, in wrap_socket
    return self.sslsocket_class._create(
           ~~~~~~~~~~~~~~~~~~~~~~~~~~~~^
        sock=sock,
        ^^^^^^^^^^
    ...<5 lines>...
        session=session
        ^^^^^^^^^^^^^^^
    )
    ^
  File "C:\Users\ASUS\AppData\Local\Programs\Python\Python314\Lib\ssl.py", line 1076, in _create
    self.do_handshake()
    ~~~~~~~~~~~~~~~~~^^
  File "C:\Users\ASUS\AppData\Local\Programs\Python\Python314\Lib\ssl.py", line 1372, in do_handshake
    self._sslobj.do_handshake()
    ~~~~~~~~~~~~~~~~~~~~~~~~~^^
TimeoutError: _ssl.c:1059: The handshake operation timed out

The above exception was the direct cause of the following exception:

Traceback (most recent call last):
  File "D:\AgriKetha-AI\.venv\Lib\site-packages\pymongo\synchronous\mongo_client.py", line 2262, in _process_periodic_tasks
    self._topology.update_pool()
    ~~~~~~~~~~~~~~~~~~~~~~~~~~^^
  File "D:\AgriKetha-AI\.venv\Lib\site-packages\pymongo\synchronous\topology.py", line 600, in update_pool
    server.pool.remove_stale_sockets(generation)
    ~~~~~~~~~~~~~~~~~~~~~~~~~~~~~~~~^^^^^^^^^^^^
  File "D:\AgriKetha-AI\.venv\Lib\site-packages\pymongo\synchronous\pool.py", line 812, in remove_stale_sockets
    conn = self.connect()
  File "D:\AgriKetha-AI\.venv\Lib\site-packages\pymongo\synchronous\pool.py", line 869, in connect
    networking_interface = _configured_socket_interface(
        self.address, self.opts, self._ssl_session_cache
    )
  File "D:\AgriKetha-AI\.venv\Lib\site-packages\pymongo\pool_shared.py", line 600, in _configured_socket_interface
    _raise_connection_failure(address, exc, "SSL handshake failed: ", timeout_details=details)
    ~~~~~~~~~~~~~~~~~~~~~~~~~^^^^^^^^^^^^^^^^^^^^^^^^^^^^^^^^^^^^^^^^^^^^^^^^^^^^^^^^^^^^^^^^^
  File "D:\AgriKetha-AI\.venv\Lib\site-packages\pymongo\pool_shared.py", line 166, in _raise_connection_failure
    raise NetworkTimeout(msg) from error
pymongo.errors.NetworkTimeout: SSL handshake failed: ac-jucsbd3-shard-00-01.dqyxqug.mongodb.net:27017: _ssl.c:1059: The handshake operation timed out (configured timeouts: socketTimeoutMS: 20000.0ms, connectTimeoutMS: 10000.0ms)
2026-09-13 19:07:53 | ERROR    | pymongo.client:_log_client_error:108 - MongoClient background task encountered an error:
Traceback (most recent call last):
  File "D:\AgriKetha-AI\.venv\Lib\site-packages\pymongo\pool_shared.py", line 586, in _configured_socket_interface
    ssl_sock = ssl_context.wrap_socket(sock, server_hostname=host, session=session)
  File "C:\Users\ASUS\AppData\Local\Programs\Python\Python314\Lib\ssl.py", line 455, in wrap_socket
    return self.sslsocket_class._create(
           ~~~~~~~~~~~~~~~~~~~~~~~~~~~~^
        sock=sock,
        ^^^^^^^^^^
    ...<5 lines>...
        session=session
        ^^^^^^^^^^^^^^^
    )
    ^
  File "C:\Users\ASUS\AppData\Local\Programs\Python\Python314\Lib\ssl.py", line 1076, in _create
    self.do_handshake()
    ~~~~~~~~~~~~~~~~~^^
  File "C:\Users\ASUS\AppData\Local\Programs\Python\Python314\Lib\ssl.py", line 1372, in do_handshake
    self._sslobj.do_handshake()
    ~~~~~~~~~~~~~~~~~~~~~~~~~^^
ConnectionResetError: [WinError 10054] An existing connection was forcibly closed by the remote host

The above exception was the direct cause of the following exception:

Traceback (most recent call last):
  File "D:\AgriKetha-AI\.venv\Lib\site-packages\pymongo\synchronous\mongo_client.py", line 2262, in _process_periodic_tasks
    self._topology.update_pool()
    ~~~~~~~~~~~~~~~~~~~~~~~~~~^^
  File "D:\AgriKetha-AI\.venv\Lib\site-packages\pymongo\synchronous\topology.py", line 600, in update_pool
    server.pool.remove_stale_sockets(generation)
    ~~~~~~~~~~~~~~~~~~~~~~~~~~~~~~~~^^^^^^^^^^^^
  File "D:\AgriKetha-AI\.venv\Lib\site-packages\pymongo\synchronous\pool.py", line 812, in remove_stale_sockets
    conn = self.connect()
  File "D:\AgriKetha-AI\.venv\Lib\site-packages\pymongo\synchronous\pool.py", line 869, in connect
    networking_interface = _configured_socket_interface(
        self.address, self.opts, self._ssl_session_cache
    )
  File "D:\AgriKetha-AI\.venv\Lib\site-packages\pymongo\pool_shared.py", line 600, in _configured_socket_interface
    _raise_connection_failure(address, exc, "SSL handshake failed: ", timeout_details=details)
    ~~~~~~~~~~~~~~~~~~~~~~~~~^^^^^^^^^^^^^^^^^^^^^^^^^^^^^^^^^^^^^^^^^^^^^^^^^^^^^^^^^^^^^^^^^
  File "D:\AgriKetha-AI\.venv\Lib\site-packages\pymongo\pool_shared.py", line 168, in _raise_connection_failure
    raise AutoReconnect(msg) from error
pymongo.errors.AutoReconnect: SSL handshake failed: ac-jucsbd3-shard-00-00.dqyxqug.mongodb.net:27017: [WinError 10054] An existing connection was forcibly closed by the remote host (configured timeouts: socketTimeoutMS: 20000.0ms, connectTimeoutMS: 10000.0ms)
2026-09-15 09:06:02 | INFO     | agriketha.backend:setup_logging:65 - Logging initialized successfully. Level: INFO
2026-09-15 09:06:02 | INFO     | agriketha.backend:lifespan:19 - Initializing AgriKetha-AI Backend in development mode...
2026-09-15 09:06:02 | INFO     | agriketha.backend:connect_to_mongo:26 - Connecting to MongoDB Atlas at: cluster0.dqyxqug.mongodb.net/?appName=Cluster0
2026-09-15 09:06:07 | INFO     | agriketha.backend:connect_to_mongo:44 - Successfully connected to MongoDB Database: 'agriketha_ai_db'
2026-09-15 09:06:10 | INFO     | agriketha.backend:init_db_indexes:86 - MongoDB indexes verified & created successfully.
2026-09-15 09:07:32 | WARNING  | agriketha.backend:login:100 - Failed login attempt for email: farmer@agriketha.lk from IP: 127.0.0.1
2026-09-15 09:07:32 | WARNING  | agriketha.backend:dispatch:32 - 127.0.0.1 | POST /api/v1/auth/login | Status: 401 | 569.40ms
2026-09-15 09:08:03 | INFO     | agriketha.backend:register:86 - Successfully registered user: saween910@gmail.com (Role: farmer)
2026-09-15 09:08:03 | INFO     | agriketha.backend:dispatch:34 - 127.0.0.1 | POST /api/v1/auth/register | Status: 201 | 1650.69ms
2026-09-15 09:08:05 | INFO     | agriketha.backend:login:149 - User logged in successfully: saween910@gmail.com (Role: farmer)
2026-09-15 09:08:05 | INFO     | agriketha.backend:dispatch:34 - 127.0.0.1 | POST /api/v1/auth/login | Status: 200 | 1553.08ms
2026-09-15 09:15:20 | INFO     | agriketha.backend:register:86 - Successfully registered user: chamudith@gmail.com (Role: admin)
2026-09-15 09:15:20 | INFO     | agriketha.backend:dispatch:34 - 127.0.0.1 | POST /api/v1/auth/register | Status: 201 | 1417.38ms
2026-09-15 09:15:21 | INFO     | agriketha.backend:login:149 - User logged in successfully: chamudith@gmail.com (Role: admin)
2026-09-15 09:15:21 | INFO     | agriketha.backend:dispatch:34 - 127.0.0.1 | POST /api/v1/auth/login | Status: 200 | 1161.25ms
