2026-09-13 17:13:49 | ERROR    | pymongo.client:_log_client_error:108 - MongoClient background task encountered an error:
Traceback (most recent call last):
  File "D:\AgriKetha-AI\.venv\Lib\site-packages\pymongo\synchronous\pool.py", line 446, in receive_message
    return receive_message(self, request_id, self.max_message_size)
  File "D:\AgriKetha-AI\.venv\Lib\site-packages\pymongo\network_layer.py", line 777, in receive_message
    length, _, response_to, op_code = _UNPACK_HEADER(receive_data(conn, 16, deadline))
                                                     ~~~~~~~~~~~~^^^^^^^^^^^^^^^^^^^^
  File "D:\AgriKetha-AI\.venv\Lib\site-packages\pymongo\network_layer.py", line 382, in receive_data
    raise OSError("connection closed")
OSError: connection closed

The above exception was the direct cause of the following exception:

Traceback (most recent call last):
  File "D:\AgriKetha-AI\.venv\Lib\site-packages\pymongo\synchronous\mongo_client.py", line 2262, in _process_periodic_tasks
    self._topology.update_pool()
    ~~~~~~~~~~~~~~~~~~~~~~~~~~^^
  File "D:\AgriKetha-AI\.venv\Lib\site-packages\pymongo\synchronous\topology.py", line 600, in update_pool
    server.pool.remove_stale_sockets(generation)
    ~~~~~~~~~~~~~~~~~~~~~~~~~~~~~~~~^^^^^^^^^^^^
  File "D:\AgriKetha-AI\.venv\Lib\site-packages\pymongo\synchronous\pool.py", line 812, in remove_stale_sockets
    conn = self.connect()
  File "D:\AgriKetha-AI\.venv\Lib\site-packages\pymongo\synchronous\pool.py", line 898, in connect
    conn.hello()
    ~~~~~~~~~~^^
  File "D:\AgriKetha-AI\.venv\Lib\site-packages\pymongo\synchronous\pool.py", line 237, in hello
    return self._hello(None, None)
           ~~~~~~~~~~~^^^^^^^^^^^^
  File "D:\AgriKetha-AI\.venv\Lib\site-packages\pymongo\synchronous\pool.py", line 280, in _hello
    doc = self.command("admin", cmd, publish_events=False, exhaust_allowed=awaitable)
  File "D:\AgriKetha-AI\.venv\Lib\site-packages\pymongo\synchronous\helpers.py", line 51, in inner
    return func(*args, **kwargs)
  File "D:\AgriKetha-AI\.venv\Lib\site-packages\pymongo\synchronous\pool.py", line 421, in command
    self._raise_connection_failure(error)
    ~~~~~~~~~~~~~~~~~~~~~~~~~~~~~~^^^^^^^
  File "D:\AgriKetha-AI\.venv\Lib\site-packages\pymongo\synchronous\pool.py", line 567, in _raise_connection_failure
    raise error
  File "D:\AgriKetha-AI\.venv\Lib\site-packages\pymongo\synchronous\pool.py", line 396, in command
    return run_command(
        self,
    ...<17 lines>...
        write_concern=write_concern,
    )
  File "D:\AgriKetha-AI\.venv\Lib\site-packages\pymongo\synchronous\command_runner.py", line 440, in run_command
    docs, _, _ = _run_command(
                 ~~~~~~~~~~~~^
        conn,
        ^^^^^
    ...<16 lines>...
        set_conn_more_to_come=True,
        ^^^^^^^^^^^^^^^^^^^^^^^^^^^
    )
    ^
  File "D:\AgriKetha-AI\.venv\Lib\site-packages\pymongo\synchronous\command_runner.py", line 192, in _run_command
    reply = conn.receive_message(request_id)
  File "D:\AgriKetha-AI\.venv\Lib\site-packages\pymongo\synchronous\pool.py", line 449, in receive_message
    self._raise_connection_failure(error)
    ~~~~~~~~~~~~~~~~~~~~~~~~~~~~~~^^^^^^^
  File "D:\AgriKetha-AI\.venv\Lib\site-packages\pymongo\synchronous\pool.py", line 565, in _raise_connection_failure
    _raise_connection_failure(self.address, error, timeout_details=details)
    ~~~~~~~~~~~~~~~~~~~~~~~~~^^^^^^^^^^^^^^^^^^^^^^^^^^^^^^^^^^^^^^^^^^^^^^
  File "D:\AgriKetha-AI\.venv\Lib\site-packages\pymongo\pool_shared.py", line 168, in _raise_connection_failure
    raise AutoReconnect(msg) from error
pymongo.errors.AutoReconnect: ac-jucsbd3-shard-00-02.dqyxqug.mongodb.net:27017: connection closed (configured timeouts: connectTimeoutMS: 20000.0ms)
2026-09-13 17:28:44 | ERROR    | pymongo.client:_log_client_error:108 - MongoClient background task encountered an error:
Traceback (most recent call last):
  File "D:\AgriKetha-AI\.venv\Lib\site-packages\pymongo\pool_shared.py", line 586, in _configured_socket_interface
    ssl_sock = ssl_context.wrap_socket(sock, server_hostname=host, session=session)
  File "C:\Users\ASUS\AppData\Local\Programs\Python\Python314\Lib\ssl.py", line 455, in wrap_socket
    return self.sslsocket_class._create(
           ~~~~~~~~~~~~~~~~~~~~~~~~~~~~^
        sock=sock,
        ^^^^^^^^^^
    ...<5 lines>...
        session=session
        ^^^^^^^^^^^^^^^
    )
    ^
  File "C:\Users\ASUS\AppData\Local\Programs\Python\Python314\Lib\ssl.py", line 1076, in _create
    self.do_handshake()
    ~~~~~~~~~~~~~~~~~^^
  File "C:\Users\ASUS\AppData\Local\Programs\Python\Python314\Lib\ssl.py", line 1372, in do_handshake
    self._sslobj.do_handshake()
    ~~~~~~~~~~~~~~~~~~~~~~~~~^^
TimeoutError: _ssl.c:1059: The handshake operation timed out

The above exception was the direct cause of the following exception:

Traceback (most recent call last):
  File "D:\AgriKetha-AI\.venv\Lib\site-packages\pymongo\synchronous\mongo_client.py", line 2262, in _process_periodic_tasks
    self._topology.update_pool()
    ~~~~~~~~~~~~~~~~~~~~~~~~~~^^
  File "D:\AgriKetha-AI\.venv\Lib\site-packages\pymongo\synchronous\topology.py", line 600, in update_pool
    server.pool.remove_stale_sockets(generation)
    ~~~~~~~~~~~~~~~~~~~~~~~~~~~~~~~~^^^^^^^^^^^^
  File "D:\AgriKetha-AI\.venv\Lib\site-packages\pymongo\synchronous\pool.py", line 812, in remove_stale_sockets
    conn = self.connect()
  File "D:\AgriKetha-AI\.venv\Lib\site-packages\pymongo\synchronous\pool.py", line 869, in connect
    networking_interface = _configured_socket_interface(
        self.address, self.opts, self._ssl_session_cache
    )
  File "D:\AgriKetha-AI\.venv\Lib\site-packages\pymongo\pool_shared.py", line 600, in _configured_socket_interface
    _raise_connection_failure(address, exc, "SSL handshake failed: ", timeout_details=details)
    ~~~~~~~~~~~~~~~~~~~~~~~~~^^^^^^^^^^^^^^^^^^^^^^^^^^^^^^^^^^^^^^^^^^^^^^^^^^^^^^^^^^^^^^^^^
  File "D:\AgriKetha-AI\.venv\Lib\site-packages\pymongo\pool_shared.py", line 166, in _raise_connection_failure
    raise NetworkTimeout(msg) from error
pymongo.errors.NetworkTimeout: SSL handshake failed: ac-jucsbd3-shard-00-02.dqyxqug.mongodb.net:27017: _ssl.c:1059: The handshake operation timed out (configured timeouts: socketTimeoutMS: 20000.0ms, connectTimeoutMS: 10000.0ms)
2026-09-13 17:32:51 | ERROR    | pymongo.client:_log_client_error:108 - MongoClient background task encountered an error:
Traceback (most recent call last):
  File "D:\AgriKetha-AI\.venv\Lib\site-packages\pymongo\pool_shared.py", line 586, in _configured_socket_interface
    ssl_sock = ssl_context.wrap_socket(sock, server_hostname=host, session=session)
  File "C:\Users\ASUS\AppData\Local\Programs\Python\Python314\Lib\ssl.py", line 455, in wrap_socket
    return self.sslsocket_class._create(
           ~~~~~~~~~~~~~~~~~~~~~~~~~~~~^
        sock=sock,
        ^^^^^^^^^^
    ...<5 lines>...
        session=session
        ^^^^^^^^^^^^^^^
    )
    ^
  File "C:\Users\ASUS\AppData\Local\Programs\Python\Python314\Lib\ssl.py", line 1076, in _create
    self.do_handshake()
    ~~~~~~~~~~~~~~~~~^^
  File "C:\Users\ASUS\AppData\Local\Programs\Python\Python314\Lib\ssl.py", line 1372, in do_handshake
    self._sslobj.do_handshake()
    ~~~~~~~~~~~~~~~~~~~~~~~~~^^
TimeoutError: _ssl.c:1059: The handshake operation timed out

The above exception was the direct cause of the following exception:

Traceback (most recent call last):
  File "D:\AgriKetha-AI\.venv\Lib\site-packages\pymongo\synchronous\mongo_client.py", line 2262, in _process_periodic_tasks
    self._topology.update_pool()
    ~~~~~~~~~~~~~~~~~~~~~~~~~~^^
  File "D:\AgriKetha-AI\.venv\Lib\site-packages\pymongo\synchronous\topology.py", line 600, in update_pool
    server.pool.remove_stale_sockets(generation)
    ~~~~~~~~~~~~~~~~~~~~~~~~~~~~~~~~^^^^^^^^^^^^
  File "D:\AgriKetha-AI\.venv\Lib\site-packages\pymongo\synchronous\pool.py", line 812, in remove_stale_sockets
    conn = self.connect()
  File "D:\AgriKetha-AI\.venv\Lib\site-packages\pymongo\synchronous\pool.py", line 869, in connect
    networking_interface = _configured_socket_interface(
        self.address, self.opts, self._ssl_session_cache
    )
  File "D:\AgriKetha-AI\.venv\Lib\site-packages\pymongo\pool_shared.py", line 600, in _configured_socket_interface
    _raise_connection_failure(address, exc, "SSL handshake failed: ", timeout_details=details)
    ~~~~~~~~~~~~~~~~~~~~~~~~~^^^^^^^^^^^^^^^^^^^^^^^^^^^^^^^^^^^^^^^^^^^^^^^^^^^^^^^^^^^^^^^^^
  File "D:\AgriKetha-AI\.venv\Lib\site-packages\pymongo\pool_shared.py", line 166, in _raise_connection_failure
    raise NetworkTimeout(msg) from error
pymongo.errors.NetworkTimeout: SSL handshake failed: ac-jucsbd3-shard-00-02.dqyxqug.mongodb.net:27017: _ssl.c:1059: The handshake operation timed out (configured timeouts: socketTimeoutMS: 20000.0ms, connectTimeoutMS: 10000.0ms)
2026-09-13 17:33:04 | ERROR    | pymongo.client:_log_client_error:108 - MongoClient background task encountered an error:
Traceback (most recent call last):
  File "D:\AgriKetha-AI\.venv\Lib\site-packages\pymongo\pool_shared.py", line 586, in _configured_socket_interface
    ssl_sock = ssl_context.wrap_socket(sock, server_hostname=host, session=session)
  File "C:\Users\ASUS\AppData\Local\Programs\Python\Python314\Lib\ssl.py", line 455, in wrap_socket
    return self.sslsocket_class._create(
           ~~~~~~~~~~~~~~~~~~~~~~~~~~~~^
        sock=sock,
        ^^^^^^^^^^
    ...<5 lines>...
        session=session
        ^^^^^^^^^^^^^^^
    )
    ^
  File "C:\Users\ASUS\AppData\Local\Programs\Python\Python314\Lib\ssl.py", line 1076, in _create
    self.do_handshake()
    ~~~~~~~~~~~~~~~~~^^
  File "C:\Users\ASUS\AppData\Local\Programs\Python\Python314\Lib\ssl.py", line 1372, in do_handshake
    self._sslobj.do_handshake()
    ~~~~~~~~~~~~~~~~~~~~~~~~~^^
TimeoutError: _ssl.c:1059: The handshake operation timed out

The above exception was the direct cause of the following exception:

Traceback (most recent call last):
  File "D:\AgriKetha-AI\.venv\Lib\site-packages\pymongo\synchronous\mongo_client.py", line 2262, in _process_periodic_tasks
    self._topology.update_pool()
    ~~~~~~~~~~~~~~~~~~~~~~~~~~^^
  File "D:\AgriKetha-AI\.venv\Lib\site-packages\pymongo\synchronous\topology.py", line 600, in update_pool
    server.pool.remove_stale_sockets(generation)
    ~~~~~~~~~~~~~~~~~~~~~~~~~~~~~~~~^^^^^^^^^^^^
  File "D:\AgriKetha-AI\.venv\Lib\site-packages\pymongo\synchronous\pool.py", line 812, in remove_stale_sockets
    conn = self.connect()
  File "D:\AgriKetha-AI\.venv\Lib\site-packages\pymongo\synchronous\pool.py", line 869, in connect
    networking_interface = _configured_socket_interface(
        self.address, self.opts, self._ssl_session_cache
    )
  File "D:\AgriKetha-AI\.venv\Lib\site-packages\pymongo\pool_shared.py", line 600, in _configured_socket_interface
    _raise_connection_failure(address, exc, "SSL handshake failed: ", timeout_details=details)
    ~~~~~~~~~~~~~~~~~~~~~~~~~^^^^^^^^^^^^^^^^^^^^^^^^^^^^^^^^^^^^^^^^^^^^^^^^^^^^^^^^^^^^^^^^^
  File "D:\AgriKetha-AI\.venv\Lib\site-packages\pymongo\pool_shared.py", line 166, in _raise_connection_failure
    raise NetworkTimeout(msg) from error
pymongo.errors.NetworkTimeout: SSL handshake failed: ac-jucsbd3-shard-00-02.dqyxqug.mongodb.net:27017: _ssl.c:1059: The handshake operation timed out (configured timeouts: socketTimeoutMS: 20000.0ms, connectTimeoutMS: 10000.0ms)
2026-09-13 18:15:26 | ERROR    | pymongo.client:_log_client_error:108 - MongoClient background task encountered an error:
Traceback (most recent call last):
  File "D:\AgriKetha-AI\.venv\Lib\site-packages\pymongo\pool_shared.py", line 586, in _configured_socket_interface
    ssl_sock = ssl_context.wrap_socket(sock, server_hostname=host, session=session)
  File "C:\Users\ASUS\AppData\Local\Programs\Python\Python314\Lib\ssl.py", line 455, in wrap_socket
    return self.sslsocket_class._create(
           ~~~~~~~~~~~~~~~~~~~~~~~~~~~~^
        sock=sock,
        ^^^^^^^^^^
    ...<5 lines>...
        session=session
        ^^^^^^^^^^^^^^^
    )
    ^
  File "C:\Users\ASUS\AppData\Local\Programs\Python\Python314\Lib\ssl.py", line 1076, in _create
    self.do_handshake()
    ~~~~~~~~~~~~~~~~~^^
  File "C:\Users\ASUS\AppData\Local\Programs\Python\Python314\Lib\ssl.py", line 1372, in do_handshake
    self._sslobj.do_handshake()
    ~~~~~~~~~~~~~~~~~~~~~~~~~^^
TimeoutError: _ssl.c:1059: The handshake operation timed out

The above exception was the direct cause of the following exception:

Traceback (most recent call last):
  File "D:\AgriKetha-AI\.venv\Lib\site-packages\pymongo\synchronous\mongo_client.py", line 2262, in _process_periodic_tasks
    self._topology.update_pool()
    ~~~~~~~~~~~~~~~~~~~~~~~~~~^^
  File "D:\AgriKetha-AI\.venv\Lib\site-packages\pymongo\synchronous\topology.py", line 600, in update_pool
    server.pool.remove_stale_sockets(generation)
    ~~~~~~~~~~~~~~~~~~~~~~~~~~~~~~~~^^^^^^^^^^^^
  File "D:\AgriKetha-AI\.venv\Lib\site-packages\pymongo\synchronous\pool.py", line 812, in remove_stale_sockets
    conn = self.connect()
  File "D:\AgriKetha-AI\.venv\Lib\site-packages\pymongo\synchronous\pool.py", line 869, in connect
    networking_interface = _configured_socket_interface(
        self.address, self.opts, self._ssl_session_cache
    )
  File "D:\AgriKetha-AI\.venv\Lib\site-packages\pymongo\pool_shared.py", line 600, in _configured_socket_interface
    _raise_connection_failure(address, exc, "SSL handshake failed: ", timeout_details=details)
    ~~~~~~~~~~~~~~~~~~~~~~~~~^^^^^^^^^^^^^^^^^^^^^^^^^^^^^^^^^^^^^^^^^^^^^^^^^^^^^^^^^^^^^^^^^
  File "D:\AgriKetha-AI\.venv\Lib\site-packages\pymongo\pool_shared.py", line 166, in _raise_connection_failure
    raise NetworkTimeout(msg) from error
pymongo.errors.NetworkTimeout: SSL handshake failed: ac-jucsbd3-shard-00-01.dqyxqug.mongodb.net:27017: _ssl.c:1059: The handshake operation timed out (configured timeouts: socketTimeoutMS: 20000.0ms, connectTimeoutMS: 10000.0ms)
2026-09-13 19:07:53 | ERROR    | pymongo.client:_log_client_error:108 - MongoClient background task encountered an error:
Traceback (most recent call last):
  File "D:\AgriKetha-AI\.venv\Lib\site-packages\pymongo\pool_shared.py", line 586, in _configured_socket_interface
    ssl_sock = ssl_context.wrap_socket(sock, server_hostname=host, session=session)
  File "C:\Users\ASUS\AppData\Local\Programs\Python\Python314\Lib\ssl.py", line 455, in wrap_socket
    return self.sslsocket_class._create(
           ~~~~~~~~~~~~~~~~~~~~~~~~~~~~^
        sock=sock,
        ^^^^^^^^^^
    ...<5 lines>...
        session=session
        ^^^^^^^^^^^^^^^
    )
    ^
  File "C:\Users\ASUS\AppData\Local\Programs\Python\Python314\Lib\ssl.py", line 1076, in _create
    self.do_handshake()
    ~~~~~~~~~~~~~~~~~^^
  File "C:\Users\ASUS\AppData\Local\Programs\Python\Python314\Lib\ssl.py", line 1372, in do_handshake
    self._sslobj.do_handshake()
    ~~~~~~~~~~~~~~~~~~~~~~~~~^^
ConnectionResetError: [WinError 10054] An existing connection was forcibly closed by the remote host

The above exception was the direct cause of the following exception:

Traceback (most recent call last):
  File "D:\AgriKetha-AI\.venv\Lib\site-packages\pymongo\synchronous\mongo_client.py", line 2262, in _process_periodic_tasks
    self._topology.update_pool()
    ~~~~~~~~~~~~~~~~~~~~~~~~~~^^
  File "D:\AgriKetha-AI\.venv\Lib\site-packages\pymongo\synchronous\topology.py", line 600, in update_pool
    server.pool.remove_stale_sockets(generation)
    ~~~~~~~~~~~~~~~~~~~~~~~~~~~~~~~~^^^^^^^^^^^^
  File "D:\AgriKetha-AI\.venv\Lib\site-packages\pymongo\synchronous\pool.py", line 812, in remove_stale_sockets
    conn = self.connect()
  File "D:\AgriKetha-AI\.venv\Lib\site-packages\pymongo\synchronous\pool.py", line 869, in connect
    networking_interface = _configured_socket_interface(
        self.address, self.opts, self._ssl_session_cache
    )
  File "D:\AgriKetha-AI\.venv\Lib\site-packages\pymongo\pool_shared.py", line 600, in _configured_socket_interface
    _raise_connection_failure(address, exc, "SSL handshake failed: ", timeout_details=details)
    ~~~~~~~~~~~~~~~~~~~~~~~~~^^^^^^^^^^^^^^^^^^^^^^^^^^^^^^^^^^^^^^^^^^^^^^^^^^^^^^^^^^^^^^^^^
  File "D:\AgriKetha-AI\.venv\Lib\site-packages\pymongo\pool_shared.py", line 168, in _raise_connection_failure
    raise AutoReconnect(msg) from error
pymongo.errors.AutoReconnect: SSL handshake failed: ac-jucsbd3-shard-00-00.dqyxqug.mongodb.net:27017: [WinError 10054] An existing connection was forcibly closed by the remote host (configured timeouts: socketTimeoutMS: 20000.0ms, connectTimeoutMS: 10000.0ms)
